Node.js v24.11.0
